// Vitest Snapshot v1

exports[`rendering of SEO Component > checks if component renders 1`] = `<DocumentFragment />`;
